◇ injected env (7) from .env // tip: ⌘ override existing { override: true }
